
> @traveling/backend@1.0.0 test
> jest --config package.json --runInBand --coverage

node.exe : FAIL src/__tests__/itinerary.controller.test.ts
At line:1 char:1
+ & "C:\Program Files\nodejs/node.exe" "C:\Users\leduy\AppData\Roaming\ ...
+ ~~~~~~~~~~~~~~~~~~~~~~~~~~~~~~~~~~~~~~~~~~~~~~~~~~~~~~~~~~~~~~~~~~~~~
    + CategoryInfo          : NotSpecified: (FAIL src/__test...troller.test.ts:String) [], RemoteException
    + FullyQualifiedErrorId : NativeCommandError
 
  ΓùÅ itinerary.controller ΓÇ║ success case ΓÇ║ exports an itinerary PDF by id

    expect(received).toBe(expected) // Object.is equality

    Expected: 200
    Received: 404

    [0m [90m 79 |[39m         [33m.[39msend({ title[33m:[39m [32m'Trip'[39m })[33m;[39m
     [90m 80 |[39m
    [31m[1m>[22m[39m[90m 81 |[39m       
expect(response[33m.[39mstatus)[33m.[39mtoBe([35m200[39m)[33m;[39m
     [90m    |[39m                               [31m[1m^[22m[39m
     [90m 82 |[39m       
expect(response[33m.[39mheader[[32m'content-type'[39m])[33m.[39mtoContain([32m'application/pdf'[39m)[33m;[39m
     [90m 83 |[39m       expect(response[33m.[39mheader[[32m'content-disposition'[39m])[33m.[39mtoContain([32m
'traveling-itinerary-itinerary_1.pdf'[39m)[33m;[39m
     [90m 84 |[39m       expect([33mBuffer[39m[33m.[39m[36mfrom[39m(response[33m.[39mbody)[33m.[39mtoString
())[33m.[39mtoBe([32m'%PDF test'[39m)[33m;[39m[0m

      at Object.<anonymous> (src/__tests__/itinerary.controller.test.ts:81:31)

PASS src/__tests__/utility.controller.test.ts
PASS src/__tests__/translate.controller.test.ts
PASS src/__tests__/speech.controller.test.ts
PASS src/__tests__/discover.controller.test.ts
PASS src/__tests__/community.controller.test.ts
PASS src/__tests__/itinerary.service.test.ts
PASS src/__tests__/places.controller.test.ts
PASS src/__tests__/budget.controller.test.ts
PASS src/__tests__/profile.controller.test.ts
PASS src/__tests__/recommendation.service.test.ts
PASS src/__tests__/google-places.service.test.ts
  ΓùÅ Console

    console.log
      2026-07-06T08:07:36.877Z [31merror[39m: Google nearby search radius failed 
{"error":{"name":"Error","message":"Bad key","stack":"Error: Bad key\n    at searchPlaceCandidates 
(D:\\DuAn\\Traveling\\apps\\backend\\src\\services\\google-places.service.ts:282:15)\n    at Object.<anonymous> 
(D:\\DuAn\\Traveling\\apps\\backend\\src\\__tests__\\google-places.service.test.ts:144:22)"},"radiusMeters":500}

      at Console.log (../../node_modules/winston/lib/winston/transports/console.js:87:23)

PASS src/__tests__/translation.service.test.ts
  ΓùÅ Console

    console.log
      2026-07-06T08:07:37.130Z [31merror[39m: DeepL failed; attempting Google fallback 
{"error":{"name":"Error","message":"DeepL unavailable","stack":"Error: DeepL unavailable\n    at Object.<anonymous> 
(D:\\DuAn\\Traveling\\apps\\backend\\src\\__tests__\\translation.service.test.ts:127:32)\n    at 
Promise.then.completed (D:\\DuAn\\Traveling\\node_modules\\jest-circus\\build\\utils.js:298:28)\n    at new Promise 
(<anonymous>)\n    at callAsyncCircusFn (D:\\DuAn\\Traveling\\node_modules\\jest-circus\\build\\utils.js:231:10)\n    
at _callCircusTest (D:\\DuAn\\Traveling\\node_modules\\jest-circus\\build\\run.js:316:40)\n    at _runTest 
(D:\\DuAn\\Traveling\\node_modules\\jest-circus\\build\\run.js:252:3)\n    at _runTestsForDescribeBlock 
(D:\\DuAn\\Traveling\\node_modules\\jest-circus\\build\\run.js:126:9)\n    at _runTestsForDescribeBlock 
(D:\\DuAn\\Traveling\\node_modules\\jest-circus\\build\\run.js:121:9)\n    at _runTestsForDescribeBlock 
(D:\\DuAn\\Traveling\\node_modules\\jest-circus\\build\\run.js:121:9)\n    at run 
(D:\\DuAn\\Traveling\\node_modules\\jest-circus\\build\\run.js:71:3)\n    at runAndTransformResultsToJestFormat 
(D:\\DuAn\\Traveling\\node_modules\\jest-circus\\build\\legacy-code-todo-rewrite\\jestAdapterInit.js:122:21)\n    at 
jestAdapter (D:\\DuAn\\Traveling\\node_modules\\jest-circus\\build\\legacy-code-todo-rewrite\\jestAdapter.js:79:19)\n  
  at runTestInternal (D:\\DuAn\\Traveling\\node_modules\\jest-runner\\build\\runTest.js:367:16)\n    at runTest 
(D:\\DuAn\\Traveling\\node_modules\\jest-runner\\build\\runTest.js:444:34)"},"targetLang":"vi"}

      at Console.log (../../node_modules/winston/lib/winston/transports/console.js:87:23)

PASS src/__tests__/community.service.test.ts
----------------------------|---------|----------|---------|---------|---------------------------------------------------------------------------------
File                        | % Stmts | % Branch | % Funcs | % Lines | Uncovered Line #s                                                               
----------------------------|---------|----------|---------|---------|---------------------------------------------------------------------------------
All files                   |   74.05 |    49.15 |   72.67 |   74.23 |                                                                                 
 __tests__                  |   84.37 |     87.5 |   57.89 |   90.38 |                                                                                 
  controller-test-utils.ts  |   94.44 |    83.33 |     100 |   93.93 | 29-30                                                                           
  external-service-mocks.ts |     100 |      100 |     100 |     100 |                                                                                 
  jest.setup.ts             |      60 |      100 |      20 |      80 | 23,29,40                                                                        
 config                     |   61.11 |    18.18 |      50 |   61.11 |                                                                                 
  env.ts                    |   61.11 |    18.18 |      50 |   61.11 | 43-56                                                                           
 controllers                |    69.9 |       30 |   70.45 |   72.01 |                                                                                 
  budget.controller.ts      |   96.55 |        0 |     100 |   96.55 | 31                                                                              
  community.controller.ts   |   56.66 |    33.33 |   33.33 |   56.66 | 39-43,72,81-90,94-97,101-110,114-118,122-123                                    
  discover.controller.ts    |     100 |      100 |     100 |     100 |                                                                                 
  itinerary.controller.ts   |   32.87 |     6.66 |   33.33 |   37.09 | 28-34,42-56,60-71,75-91,95-106                                                  
  places.controller.ts      |     100 |      100 |     100 |     100 |                                                                                 
  profile.controller.ts     |   48.78 |    33.33 |      40 |   48.78 | 52-98                                                                           
  speech.controller.ts      |     100 |      100 |     100 |     100 |                                                                                 
  translate.controller.ts   |     100 |      100 |     100 |     100 |                                                                                 
  utility.controller.ts     |   96.61 |      100 |     100 |   96.61 | 73-74                                                                           
 middleware                 |   83.33 |    66.66 |      50 |      80 |                                                                                 
  error-handler.ts          |   83.33 |    66.66 |      50 |      80 | 7,17                                                                            
 services                   |   74.32 |    51.03 |   74.76 |   73.44 |                                                                                 
  activity.service.ts       |   38.88 |       10 |      25 |   32.14 | 16-24,29-42,57-84,89-102                                                        
  billing.service.ts        |   66.66 |    33.33 |     100 |    62.5 | 46,61-74                                                                        
  budget.service.ts         |   94.87 |    33.33 |     100 |   94.11 | 74,156                                                                          
  community.service.ts      |   45.56 |    20.68 |   22.22 |    39.7 | 60-67,71-87,110-127,141-143,258-289,293-309,313-342,349-396,405-446             
  google-places.service.ts  |   69.07 |    56.81 |      75 |    68.3 | 107,161-162,173-174,183-184,193-194,209-210,269,308-323,331,348,366-367,375-407 
  http-client.ts            |    62.5 |        0 |     100 |      60 | 14,21,26-31                                                                     
  itinerary.service.ts      |   84.82 |    63.63 |   83.33 |    84.4 | 16-62,74,90,117,134,145,153,215-219,288                                         
  recommendation.service.ts |   91.46 |     61.9 |   94.73 |   91.35 | 30,37,44,125,136,149,208                                                        
  translation.service.ts    |   90.47 |     47.5 |     100 |   89.87 | 59,79,96,122,137,170,264-265                                                    
 utils                      |   91.89 |       50 |     100 |   90.32 |                                                                                 
  async-handler.ts          |     100 |      100 |     100 |     100 |                                                                                 
  errors.ts                 |      80 |    33.33 |     100 |      75 | 30-34                                                                           
  hash.ts                   |     100 |      100 |     100 |     100 |                                                                                 
  http-response.ts          |     100 |      100 |     100 |     100 |                                                                                 
  logger.ts                 |     100 |       50 |     100 |     100 | 5-24                                                                            
----------------------------|---------|----------|---------|---------|---------------------------------------------------------------------------------

Test Suites: 1 failed, 13 passed, 14 total
Tests:       1 failed, 71 passed, 72 total
Snapshots:   0 total
Time:        9.179 s, estimated 11 s
Ran all test suites.
npm error Lifecycle script `test` failed with error:
npm error code 1
npm error path D:\DuAn\Traveling\apps\backend
npm error workspace @traveling/backend@1.0.0
npm error location D:\DuAn\Traveling\apps\backend
npm error command failed
npm error command C:\Windows\system32\cmd.exe /d /s /c jest --config package.json --runInBand --coverage
